src/app/admin/_components/BlogTab.tsx(60,174): error TS2353: Object literal may only specify known properties, and 'is_deleted' does not exist in type 'SetStateAction<Partial<Post>>'.
src/app/admin/_components/PortfolioTab.tsx(231,13): error TS2322: Type '{ key: string; prop: Property; onEdit: () => void; onDelete: () => void; onToggleUnits: () => void; isExpanded: boolean; formatPrice: (p: number) => string; onAddUnits: () => void; onEditUnit: (unit: Unit) => void; fetchProperties: () => void; }' is not assignable to type 'IntrinsicAttributes & PropertyAdminCardProps'.
  Property 'fetchProperties' does not exist on type 'IntrinsicAttributes & PropertyAdminCardProps'.
src/app/admin/page.tsx(90,7): error TS2448: Block-scoped variable 'fetchLeads' used before its declaration.
src/app/admin/page.tsx(90,7): error TS2454: Variable 'fetchLeads' is used before being assigned.
src/app/admin/page.tsx(90,19): error TS2448: Block-scoped variable 'fetchProperties' used before its declaration.
src/app/admin/page.tsx(90,19): error TS2454: Variable 'fetchProperties' is used before being assigned.
src/app/admin/page.tsx(90,36): error TS2448: Block-scoped variable 'fetchHistory' used before its declaration.
src/app/admin/page.tsx(90,36): error TS2454: Variable 'fetchHistory' is used before being assigned.
src/app/admin/page.tsx(90,50): error TS2448: Block-scoped variable 'fetchPosts' used before its declaration.
src/app/admin/page.tsx(90,50): error TS2454: Variable 'fetchPosts' is used before being assigned.
src/app/admin/page.tsx(429,25): error TS2322: Type '{ name: string; location: string; developer: string; description: string; lat: number; lng: number; amenities: string[]; cover_image: string; video_url: string; discount_percentage: number; downpayment_percentage: number; ... 5 more ...; units: Partial<Unit>[]; }' is not assignable to type 'Partial<Property>'.
  Types of property 'unit_types' are incompatible.
    Type 'Partial<UnitType>[]' is not assignable to type 'UnitType[]'.
      Type 'Partial<UnitType>' is not assignable to type 'UnitType'.
        Types of property 'name' are incompatible.
          Type 'string | undefined' is not assignable to type 'string'.
            Type 'undefined' is not assignable to type 'string'.
src/app/admin/page.tsx(429,43): error TS2322: Type 'Dispatch<SetStateAction<{ name: string; location: string; developer: string; description: string; lat: number; lng: number; amenities: string[]; cover_image: string; video_url: string; discount_percentage: number; downpayment_percentage: number; ... 5 more ...; units: Partial<...>[]; }>>' is not assignable to type 'Dispatch<SetStateAction<Partial<Property>>>'.
  Type 'SetStateAction<Partial<Property>>' is not assignable to type 'SetStateAction<{ name: string; location: string; developer: string; description: string; lat: number; lng: number; amenities: string[]; cover_image: string; video_url: string; discount_percentage: number; downpayment_percentage: number; ... 5 more ...; units: Partial<...>[]; }>'.
    Type 'Partial<Property>' is not assignable to type 'SetStateAction<{ name: string; location: string; developer: string; description: string; lat: number; lng: number; amenities: string[]; cover_image: string; video_url: string; discount_percentage: number; downpayment_percentage: number; ... 5 more ...; units: Partial<...>[]; }>'.
      Type 'Partial<Property>' is not assignable to type '{ name: string; location: string; developer: string; description: string; lat: number; lng: number; amenities: string[]; cover_image: string; video_url: string; discount_percentage: number; downpayment_percentage: number; ... 5 more ...; units: Partial<Unit>[]; }'.
        Types of property 'name' are incompatible.
          Type 'string | undefined' is not assignable to type 'string'.
            Type 'undefined' is not assignable to type 'string'.
